Archive member included to satisfy reference by file (symbol)

e:/amit/atmel/7.0/toolchain/avr8/avr8-gnu-toolchain/bin/../lib/gcc/avr/4.9.2/../../../../avr/lib/avr5\libm.a(addsf3.o)
                              HAL/DISPLAY/LCD/LCD_Program.o (__subsf3)
e:/amit/atmel/7.0/toolchain/avr8/avr8-gnu-toolchain/bin/../lib/gcc/avr/4.9.2/../../../../avr/lib/avr5\libm.a(addsf3x.o)
                              e:/amit/atmel/7.0/toolchain/avr8/avr8-gnu-toolchain/bin/../lib/gcc/avr/4.9.2/../../../../avr/lib/avr5\libm.a(addsf3.o) (__addsf3x)
e:/amit/atmel/7.0/toolchain/avr8/avr8-gnu-toolchain/bin/../lib/gcc/avr/4.9.2/../../../../avr/lib/avr5\libm.a(fixsfsi.o)
                              HAL/DISPLAY/LCD/LCD_Program.o (__fixsfsi)
e:/amit/atmel/7.0/toolchain/avr8/avr8-gnu-toolchain/bin/../lib/gcc/avr/4.9.2/../../../../avr/lib/avr5\libm.a(fixunssfsi.o)
                              e:/amit/atmel/7.0/toolchain/avr8/avr8-gnu-toolchain/bin/../lib/gcc/avr/4.9.2/../../../../avr/lib/avr5\libm.a(fixsfsi.o) (__fixunssfsi)
e:/amit/atmel/7.0/toolchain/avr8/avr8-gnu-toolchain/bin/../lib/gcc/avr/4.9.2/../../../../avr/lib/avr5\libm.a(floatsisf.o)
                              HAL/TEMP_LM35_SENSOR/LM35_SENSOR_Program.o (__floatunsisf)
e:/amit/atmel/7.0/toolchain/avr8/avr8-gnu-toolchain/bin/../lib/gcc/avr/4.9.2/../../../../avr/lib/avr5\libm.a(fp_inf.o)
                              e:/amit/atmel/7.0/toolchain/avr8/avr8-gnu-toolchain/bin/../lib/gcc/avr/4.9.2/../../../../avr/lib/avr5\libm.a(addsf3x.o) (__fp_inf)
e:/amit/atmel/7.0/toolchain/avr8/avr8-gnu-toolchain/bin/../lib/gcc/avr/4.9.2/../../../../avr/lib/avr5\libm.a(fp_nan.o)
                              e:/amit/atmel/7.0/toolchain/avr8/avr8-gnu-toolchain/bin/../lib/gcc/avr/4.9.2/../../../../avr/lib/avr5\libm.a(addsf3x.o) (__fp_nan)
e:/amit/atmel/7.0/toolchain/avr8/avr8-gnu-toolchain/bin/../lib/gcc/avr/4.9.2/../../../../avr/lib/avr5\libm.a(fp_pscA.o)
                              e:/amit/atmel/7.0/toolchain/avr8/avr8-gnu-toolchain/bin/../lib/gcc/avr/4.9.2/../../../../avr/lib/avr5\libm.a(addsf3x.o) (__fp_pscA)
e:/amit/atmel/7.0/toolchain/avr8/avr8-gnu-toolchain/bin/../lib/gcc/avr/4.9.2/../../../../avr/lib/avr5\libm.a(fp_pscB.o)
                              e:/amit/atmel/7.0/toolchain/avr8/avr8-gnu-toolchain/bin/../lib/gcc/avr/4.9.2/../../../../avr/lib/avr5\libm.a(addsf3x.o) (__fp_pscB)
e:/amit/atmel/7.0/toolchain/avr8/avr8-gnu-toolchain/bin/../lib/gcc/avr/4.9.2/../../../../avr/lib/avr5\libm.a(fp_round.o)
                              e:/amit/atmel/7.0/toolchain/avr8/avr8-gnu-toolchain/bin/../lib/gcc/avr/4.9.2/../../../../avr/lib/avr5\libm.a(addsf3.o) (__fp_round)
e:/amit/atmel/7.0/toolchain/avr8/avr8-gnu-toolchain/bin/../lib/gcc/avr/4.9.2/../../../../avr/lib/avr5\libm.a(fp_split3.o)
                              e:/amit/atmel/7.0/toolchain/avr8/avr8-gnu-toolchain/bin/../lib/gcc/avr/4.9.2/../../../../avr/lib/avr5\libm.a(addsf3x.o) (__fp_split3)
e:/amit/atmel/7.0/toolchain/avr8/avr8-gnu-toolchain/bin/../lib/gcc/avr/4.9.2/../../../../avr/lib/avr5\libm.a(fp_zero.o)
                              e:/amit/atmel/7.0/toolchain/avr8/avr8-gnu-toolchain/bin/../lib/gcc/avr/4.9.2/../../../../avr/lib/avr5\libm.a(addsf3x.o) (__fp_zero)
e:/amit/atmel/7.0/toolchain/avr8/avr8-gnu-toolchain/bin/../lib/gcc/avr/4.9.2/../../../../avr/lib/avr5\libm.a(gesf2.o)
                              APP/MAIN/main.o (__gesf2)
e:/amit/atmel/7.0/toolchain/avr8/avr8-gnu-toolchain/bin/../lib/gcc/avr/4.9.2/../../../../avr/lib/avr5\libm.a(mulsf3.o)
                              HAL/DISPLAY/LCD/LCD_Program.o (__mulsf3)
e:/amit/atmel/7.0/toolchain/avr8/avr8-gnu-toolchain/bin/../lib/gcc/avr/4.9.2/../../../../avr/lib/avr5\libm.a(mulsf3x.o)
                              e:/amit/atmel/7.0/toolchain/avr8/avr8-gnu-toolchain/bin/../lib/gcc/avr/4.9.2/../../../../avr/lib/avr5\libm.a(mulsf3.o) (__mulsf3x)
e:/amit/atmel/7.0/toolchain/avr8/avr8-gnu-toolchain/bin/../lib/gcc/avr/4.9.2/../../../../avr/lib/avr5\libm.a(pow.o)
                              HAL/DISPLAY/LCD/LCD_Program.o (pow)
e:/amit/atmel/7.0/toolchain/avr8/avr8-gnu-toolchain/bin/../lib/gcc/avr/4.9.2/../../../../avr/lib/avr5\libm.a(round.o)
                              HAL/TEMP_LM35_SENSOR/LM35_SENSOR_Program.o (round)
e:/amit/atmel/7.0/toolchain/avr8/avr8-gnu-toolchain/bin/../lib/gcc/avr/4.9.2/../../../../avr/lib/avr5\libm.a(exp.o)
                              e:/amit/atmel/7.0/toolchain/avr8/avr8-gnu-toolchain/bin/../lib/gcc/avr/4.9.2/../../../../avr/lib/avr5\libm.a(pow.o) (exp)
e:/amit/atmel/7.0/toolchain/avr8/avr8-gnu-toolchain/bin/../lib/gcc/avr/4.9.2/../../../../avr/lib/avr5\libm.a(fp_cmp.o)
                              e:/amit/atmel/7.0/toolchain/avr8/avr8-gnu-toolchain/bin/../lib/gcc/avr/4.9.2/../../../../avr/lib/avr5\libm.a(gesf2.o) (__fp_cmp)
e:/amit/atmel/7.0/toolchain/avr8/avr8-gnu-toolchain/bin/../lib/gcc/avr/4.9.2/../../../../avr/lib/avr5\libm.a(fp_mintl.o)
[...]
Memory Configuration

Name             Origin             Length             Attributes
text             0x00000000         0x00020000         xr
data             0x00800060         0x0000ffa0         rw !x
eeprom           0x00810000         0x00010000         rw !x
fuse             0x00820000         0x00000002         rw !x
lock             0x00830000         0x00000400         rw !x
signature        0x00840000         0x00000400         rw !x
user_signatures  0x00850000         0x00000400         rw !x
*default*        0x00000000         0xffffffff

Linker script and memory map

LOAD E:/AMIT/ATMEL/7.0/Packs/atmel/ATmega_DFP/1.1.130/gcc/dev/atmega32/avr5/crtatmega32.o
LOAD APP/MAIN/main.o
LOAD HAL/DISPLAY/LCD/LCD_Program.o
LOAD HAL/DISPLAY/SEVENSEGMENT/SEV_SEGMENT_Program.o
LOAD HAL/IO/BUZZER/BUZZER_Program.o
LOAD HAL/IO/KEYPAD/KEYPAD_Program.o
LOAD HAL/IO/RELAY/RELAY_Program.o
LOAD HAL/LED/LED0/LED0_Program.o
LOAD HAL/LED/LED1/LED1_Program.o
LOAD HAL/LED/LED2/LED2_Program.o
LOAD HAL/TEMP_LM35_SENSOR/LM35_SENSOR_Program.o
LOAD MCAL/ADC/ADC_Program.o
LOAD MCAL/COMMUNICATION/I2C/TWI_Program.o
LOAD MCAL/COMMUNICATION/SPI/SPI_Program.o
LOAD MCAL/COMMUNICATION/UART/UART_Program.o
LOAD MCAL/DIO/DIO_Program.o
LOAD MCAL/INTERRUPT/Interrupts_Program.o
LOAD MCAL/TIMER/TIMER0/CTC/Timer0_CTC_Program.o
LOAD MCAL/TIMER/TIMER0/OVF/TIMER0_OVF_Program.o
LOAD MCAL/TIMER/TIMER0/PWM/FAST/Timer0_FAST_PWM_Program.o
LOAD MCAL/TIMER/TIMER1/CTC/Timer1_CTC_Program.o
LOAD MCAL/TIMER/TIMER1/ICU/Timer1_ICU_Program.o
LOAD MCAL/TIMER/TIMER1/OVF/Timer1_OVF_Program.o
LOAD MCAL/TIMER/TIMER1/PWM/FAST/Timer1_FAST_PWM_Program.o
LOAD MCAL/TIMER/TIMER2/CTC/Timer2_CTC_Program.o
LOAD MCAL/TIMER/TIMER2/OVF/Timer2_OVF_Program.o
LOAD MCAL/TIMER/TIMER2/PWM/FAST/Timer2_FAST_PWM_Program.o
LOAD MCAL/TIMER/WDT/WatchDogTimer_Program.o
LOAD RTOS/API/API_Task.o
LOAD RTOS/Source/croutine.o
LOAD RTOS/Source/event_groups.o
LOAD RTOS/Source/heap_4.o
LOAD RTOS/Source/list.o
LOAD RTOS/Source/port.o
LOAD RTOS/Source/queue.o
LOAD RTOS/Source/stream_buffer.o
LOAD RTOS/Source/tasks.o
LOAD RTOS/Source/timers.o
START GROUP
LOAD e:/amit/atmel/7.0/toolchain/avr8/avr8-gnu-toolchain/bin/../lib/gcc/avr/4.9.2/../../../../avr/lib/avr5\libm.a
END GROUP
START GROUP
LOAD e:/amit/atmel/7.0/toolchain/avr8/avr8-gnu-toolchain/bin/../lib/gcc/avr/4.9.2/avr5\libgcc.a
LOAD e:/amit/atmel/7.0/toolchain/avr8/avr8-gnu-toolchain/bin/../lib/gcc/avr/4.9.2/../../../../avr/lib/avr5\libm.a
LOAD e:/amit/atmel/7.0/toolchain/avr8/avr8-gnu-toolchain/bin/../lib/gcc/avr/4.9.2/../../../../avr/lib/avr5\libc.a
LOAD E:/AMIT/ATMEL/7.0/Packs/atmel/ATmega_DFP/1.1.130/gcc/dev/atmega32/avr5\libatmega32.a
END GROUP
                0x00020000                __TEXT_REGION_LENGTH__ = DEFINED (__TEXT_REGION_LENGTH__)?__TEXT_REGION_LENGTH__:0x20000
                0x0000ffa0                __DATA_REGION_LENGTH__ = DEFINED (__DATA_REGION_LENGTH__)?__DATA_REGION_LENGTH__:0xffa0
                0x00010000                __EEPROM_REGION_LENGTH__ = DEFINED (__EEPROM_REGION_LENGTH__)?__EEPROM_REGION_LENGTH__:0x10000
                [0x00000002]                __FUSE_REGION_LENGTH__ = DEFINED (__FUSE_REGION_LENGTH__)?__FUSE_REGION_LENGTH__:0x400
                0x00000400                __LOCK_REGION_LENGTH__ = DEFINED (__LOCK_REGION_LENGTH__)?__LOCK_REGION_LENGTH__:0x400
                0x00000400                __SIGNATURE_REGION_LENGTH__ = DEFINED (__SIGNATURE_REGION_LENGTH__)?__SIGNATURE_REGION_LENGTH__:0x400
                0x00000400                __USER_SIGNATURE_REGION_LENGTH__ = DEFINED (__USER_SIGNATURE_REGION_LENGTH__)?__USER_SIGNATURE_REGION_LENGTH__:0x400

.hash
 *(.hash)

.dynsym
 *(.dynsym)

.dynstr
 *(.dynstr)

.gnu.version
 *(.gnu.version)

.gnu.version_d
 *(.gnu.version_d)

.gnu.version_r
 *(.gnu.version_r)

.rel.init
 *(.rel.init)

.rela.init
 *(.rela.init)

.rel.text
 *(.rel.text)
 *(.rel.text.*)
 *(.rel.gnu.linkonce.t*)

.rela.text
 *(.rela.text)
 *(.rela.text.*)
 *(.rela.gnu.linkonce.t*)

.rel.fini
 *(.rel.fini)

.rela.fini
 *(.rela.fini)

.rel.rodata
 *(.rel.rodata)
 *(.rel.rodata.*)
 *(.rel.gnu.linkonce.r*)

.rela.rodata
 *(.rela.rodata)
 *(.rela.rodata.*)
 *(.rela.gnu.linkonce.r*)

.rel.data
 *(.rel.data)
 *(.rel.data.*)
 *(.rel.gnu.linkonce.d*)

.rela.data
 *(.rela.data)
 *(.rela.data.*)
 *(.rela.gnu.linkonce.d*)

.rel.ctors
 *(.rel.ctors)

.rela.ctors
 *(.rela.ctors)

.rel.dtors
 *(.rel.dtors)

.rela.dtors
 *(.rela.dtors)

.rel.got
 *(.rel.got)

.rela.got
 *(.rela.got)

.rel.bss
 *(.rel.bss)

.rela.bss
 *(.rela.bss)

.rel.plt
 *(.rel.plt)

.rela.plt
 *(.rela.plt)

.text           0x00000000     0x1464
 *(.vectors)
 .vectors       0x00000000       0x54 E:/AMIT/ATMEL/7.0/Packs/atmel/ATmega_DFP/1.1.130/gcc/dev/atmega32/avr5/crtatmega32.o
                0x00000000                __vector_default
                0x00000000                __vectors
 *(.vectors)
 *(.progmem.gcc*)
 .progmem.gcc_sw_table.ADC_Read
                0x00000054       0x10 MCAL/ADC/ADC_Program.o
 .progmem.gcc_fplib
                0x00000064       0x28 e:/amit/atmel/7.0/toolchain/avr8/avr8-gnu-toolchain/bin/../lib/gcc/avr/4.9.2/../../../../avr/lib/avr5\libm.a(exp.o)
 .progmem.gcc_fplib
                0x0000008c       0x5a e:/amit/atmel/7.0/toolchain/avr8/avr8-gnu-toolchain/bin/../lib/gcc/avr/4.9.2/../../../../avr/lib/avr5\libm.a(log.o)
                0x000000e6                . = ALIGN (0x2)
                0x000000e6                __trampolines_start = .
 *(.trampolines)
 .trampolines   0x000000e6        0x0 linker stubs
 *(.trampolines*)
                0x000000e6                __trampolines_end = .
 *libprintf_flt.a:*(.progmem.data)
 *libc.a:*(.progmem.data)
 *(.progmem*)
                0x000000e6                . = ALIGN (0x2)
 *(.jumptables)
 *(.jumptables*)
 *(.lowtext)
 *(.lowtext*)
                0x000000e6                __ctors_start = .
 *(.ctors)
                0x000000e6                __ctors_end = .
                0x000000e6                __dtors_start = .
 *(.dtors)
                0x000000e6                __dtors_end = .
 SORT(*)(.ctors)
 SORT(*)(.dtors)
 *(.init0)
 .init0         0x000000e6        0x0 E:/AMIT/ATMEL/7.0/Packs/atmel/ATmega_DFP/1.1.130/gcc/dev/atmega32/avr5/crtatmega32.o
                0x000000e6                __init
 *(.init0)
 *(.init1)
 *(.init1)
 *(.init2)
 .init2         0x000000e6        0xc E:/AMIT/ATMEL/7.0/Packs/atmel/ATmega_DFP/1.1.130/gcc/dev/atmega32/avr5/crtatmega32.o
 *(.init2)
 *(.init3)
 *(.init3)
 *(.init4)
 .init4         0x000000f2       0x16 e:/amit/atmel/7.0/toolchain/avr8/avr8-gnu-toolchain/bin/../lib/gcc/avr/4.9.2/avr5\libgcc.a(_copy_data.o)
                0x000000f2                __do_copy_data
 .init4         0x00000108       0x10 e:/amit/atmel/7.0/toolchain/avr8/avr8-gnu-toolchain/bin/../lib/gcc/avr/4.9.2/avr5\libgcc.a(_clear_bss.o)
                0x00000108                __do_clear_bss
 *(.init4)
 *(.init5)
 *(.init5)
 *(.init6)
 *(.init6)
 *(.init7)
 *(.init7)
 *(.init8)
 *(.init8)
 *(.init9)
 .init9         0x00000118        0x8 E:/AMIT/ATMEL/7.0/Packs/atmel/ATmega_DFP/1.1.130/gcc/dev/atmega32/avr5/crtatmega32.o
 *(.init9)
 *(.text)
 .text          0x00000120        0x4 E:/AMIT/ATMEL/7.0/Packs/atmel/ATmega_DFP/1.1.130/gcc/dev/atmega32/avr5/crtatmega32.o
                0x00000120                __vector_1
                0x00000120                __vector_12
                0x00000120                __bad_interrupt
                0x00000120                __vector_6
                0x00000120                __vector_3
                0x00000120                __vector_11
                0x00000120                __vector_13
                0x00000120                __vector_17
                0x00000120                __vector_19
                0x00000120                __vector_5
                0x00000120                __vector_4
                0x00000120                __vector_9
                0x00000120                __vector_2
                0x00000120                __vector_15
                0x00000120                __vector_8
                0x00000120                __vector_14
                0x00000120                __vector_10
                0x00000120                __vector_16
                0x00000120                __vector_18
                0x00000120                __vector_20
                0x00000124                . = ALIGN (0x2)
 *(.text.*)
 .text.Control_AC_Heater
                0x00000124       0x98 APP/MAIN/main.o
                0x00000124                Control_AC_Heater
 .text.main     0x000001bc       0x34 APP/MAIN/main.o
                0x000001bc                main
 .text.reverse  0x000001f0       0x2e HAL/DISPLAY/LCD/LCD_Program.o
                0x000001f0                reverse
 .text.intToStr
                0x0000021e       0x7c HAL/DISPLAY/LCD/LCD_Program.o
                0x0000021e                intToStr
 .text.ftoa     0x0000029a       0xd6 HAL/DISPLAY/LCD/LCD_Program.o
                0x0000029a                ftoa
 .text.LCD_Write_Command
                0x00000370       0x90 HAL/DISPLAY/LCD/LCD_Program.o
                0x00000370                LCD_Write_Command
 .text.LCD_Initialize
                0x00000400       0x7e HAL/DISPLAY/LCD/LCD_Program.o
                0x00000400                LCD_Initialize
 .text.LCD_Clear_Screen
                0x0000047e        0x8 HAL/DISPLAY/LCD/LCD_Program.o
                0x0000047e                LCD_Clear_Screen
 .text.LCD_Write_Character
                0x00000486       0x90 HAL/DISPLAY/LCD/LCD_Program.o
                0x00000486                LCD_Write_Character
 .text.LCD_Write_String
                0x00000516       0x2a HAL/DISPLAY/LCD/LCD_Program.o
                0x00000516                LCD_Write_String
 .text.LCD_Write_FloatNumber
                0x00000540       0x3c HAL/DISPLAY/LCD/LCD_Program.o
                0x00000540                LCD_Write_FloatNumber
 .text.LCD_Write_Location
                0x0000057c       0x30 HAL/DISPLAY/LCD/LCD_Program.o
                0x0000057c                LCD_Write_Location
 .text.LM35_Initialize
                0x000005ac        0x6 HAL/TEMP_LM35_SENSOR/LM35_SENSOR_Program.o
                0x000005ac                LM35_Initialize
 .text.LM35_ReadTemperature
                0x000005b2       0x38 HAL/TEMP_LM35_SENSOR/LM35_SENSOR_Program.o
                0x000005b2                LM35_ReadTemperature
 .text.ADC_Initialize_WithoutInterrupt
                0x000005ea        0xa MCAL/ADC/ADC_Program.o
                0x000005ea                ADC_Initialize_WithoutInterrupt
 .text.ADC_Read
                0x000005f4       0x52 MCAL/ADC/ADC_Program.o
                0x000005f4                ADC_Read
 .text.DIO_SetPinDirection
                0x00000646       0xe2 MCAL/DIO/DIO_Program.o
                0x00000646                DIO_SetPinDirection
 .text.DIO_SetPinValue
                0x00000728       0xe2 MCAL/DIO/DIO_Program.o
                0x00000728                DIO_SetPinValue
 .text.vPortYieldFromTick
                0x0000080a       0xb8 RTOS/Source/port.o
                0x0000080a                vPortYieldFromTick
 .text.__vector_7
                0x000008c2        0x6 RTOS/Source/port.o
                0x000008c2                __vector_7
 .text.prvResetNextTaskUnblockTime
                0x000008c8       0x38 RTOS/Source/tasks.o
 .text.xTaskIncrementTick
                0x00000900      0x23e RTOS/Source/tasks.o
                0x00000900                xTaskIncrementTick
 .text.vTaskSwitchContext
                0x00000b3e       0xcc RTOS/Source/tasks.o
                0x00000b3e                vTaskSwitchContext
 .text.avr-libc.fplib
                0x00000c0a        0xe e:/amit/atmel/7.0/toolchain/avr8/avr8-gnu-toolchain/bin/../lib/gcc/avr/4.9.2/../../../../avr/lib/avr5\libm.a(addsf3.o)
                0x00000c0a                __subsf3
                0x00000c0c                __addsf3
 .text.avr-libc.fplib
                0x00000c18       0xcc e:/amit/atmel/7.0/toolchain/avr8/avr8-gnu-toolchain/bin/../lib/gcc/avr/4.9.2/../../../../avr/lib/avr5\libm.a(addsf3x.o)
                0x00000c3a                __addsf3x
 .text.avr-libc.fplib
                0x00000ce4        0xe e:/amit/atmel/7.0/toolchain/avr8/avr8-gnu-toolchain/bin/../lib/gcc/avr/4.9.2/../../../../avr/lib/avr5\libm.a(fixsfsi.o)
                0x00000ce4                __fixsfsi
 .text.avr-libc.fplib
                0x00000cf2       0x5e e:/amit/atmel/7.0/toolchain/avr8/avr8-gnu-toolchain/bin/../lib/gcc/avr/4.9.2/../../../../avr/lib/avr5\libm.a(fixunssfsi.o)
                0x00000cf2                __fixunssfsi
 .text.avr-libc.fplib
                0x00000d50       0x7a e:/amit/atmel/7.0/toolchain/avr8/avr8-gnu-toolchain/bin/../lib/gcc/avr/4.9.2/../../../../avr/lib/avr5\libm.a(floatsisf.o)
                0x00000d50                __floatunsisf
                0x00000d54                __floatsisf
 .text.avr-libc.fplib
                0x00000dca        0xc e:/amit/atmel/7.0/toolchain/avr8/avr8-gnu-toolchain/bin/../lib/gcc/avr/4.9.2/../../../../avr/lib/avr5\libm.a(fp_inf.o)
                0x00000dca                __fp_inf
 .text.avr-libc.fplib
                0x00000dd6        0x6 e:/amit/atmel/7.0/toolchain/avr8/avr8-gnu-toolchain/bin/../lib/gcc/avr/4.9.2/../../../../avr/lib/avr5\libm.a(fp_nan.o)
                0x00000dd6                __fp_nan
 .text.avr-libc.fplib
                0x00000ddc        0xe e:/amit/atmel/7.0/toolchain/avr8/avr8-gnu-toolchain/bin/../lib/gcc/avr/4.9.2/../../../../avr/lib/avr5\libm.a(fp_pscA.o)
                0x00000ddc                __fp_pscA
 .text.avr-libc.fplib
                0x00000dea        0xe e:/amit/atmel/7.0/toolchain/avr8/avr8-gnu-toolchain/bin/../lib/gcc/avr/4.9.2/../../../../avr/lib/avr5\libm.a(fp_pscB.o)
                0x00000dea                __fp_pscB
 .text.avr-libc.fplib
                0x00000df8       0x22 e:/amit/atmel/7.0/toolchain/avr8/avr8-gnu-toolchain/bin/../lib/gcc/avr/4.9.2/../../../../avr/lib/avr5\libm.a(fp_round.o)
                0x00000df8                __fp_round
 .text.avr-libc.fplib
                0x00000e1a       0x44 e:/amit/atmel/7.0/toolchain/avr8/avr8-gnu-toolchain/bin/../lib/gcc/avr/4.9.2/../../../../avr/lib/avr5\libm.a(fp_split3.o)
                0x00000e1a                __fp_split3
                0x00000e2a                __fp_splitA
 .text.avr-libc.fplib
                0x00000e5e        0xe e:/amit/atmel/7.0/toolchain/avr8/avr8-gnu-toolchain/bin/../lib/gcc/avr/4.9.2/../../../../avr/lib/avr5\libm.a(fp_zero.o)
                0x00000e5e                __fp_zero
                0x00000e60                __fp_szero
 .text.avr-libc.fplib
                0x00000e6c        0xa e:/amit/atmel/7.0/toolchain/avr8/avr8-gnu-toolchain/bin/../lib/gcc/avr/4.9.2/../../../../avr/lib/avr5\libm.a(gesf2.o)
                0x00000e6c                __gesf2
                0x00000e6c                __gtsf2
 .text.avr-libc.fplib
                0x00000e76        0x8 e:/amit/atmel/7.0/toolchain/avr8/avr8-gnu-toolchain/bin/../lib/gcc/avr/4.9.2/../../../../avr/lib/avr5\libm.a(mulsf3.o)
                0x00000e76                __mulsf3
 .text.avr-libc.fplib
                0x00000e7e       0xd2 e:/amit/atmel/7.0/toolchain/avr8/avr8-gnu-toolchain/bin/../lib/gcc/avr/4.9.2/../../../../avr/lib/avr5\libm.a(mulsf3x.o)
                0x00000e9c                __mulsf3x
                0x00000ea2                __mulsf3_pse
 .text.avr-libc.fplib
                0x00000f50       0xa0 e:/amit/atmel/7.0/toolchain/avr8/avr8-gnu-toolchain/bin/../lib/gcc/avr/4.9.2/../../../../avr/lib/avr5\libm.a(pow.o)
                0x00000f50                pow
 .text.avr-libc.fplib
                0x00000ff0       0x48 e:/amit/atmel/7.0/toolchain/avr8/avr8-gnu-toolchain/bin/../lib/gcc/avr/4.9.2/../../../../avr/lib/avr5\libm.a(round.o)
                0x00000ff0                round
 .text.avr-libc.fplib
                0x00001038       0x74 e:/amit/atmel/7.0/toolchain/avr8/avr8-gnu-toolchain/bin/../lib/gcc/avr/4.9.2/../../../../avr/lib/avr5\libm.a(exp.o)
                0x00001048                exp
 .text.avr-libc.fplib
                0x000010ac       0x48 e:/amit/atmel/7.0/toolchain/avr8/avr8-gnu-toolchain/bin/../lib/gcc/avr/4.9.2/../../../../avr/lib/avr5\libm.a(fp_cmp.o)
                0x000010ac                __fp_cmp
 .text.avr-libc.fplib
                0x000010f4       0x36 e:/amit/atmel/7.0/toolchain/avr8/avr8-gnu-toolchain/bin/../lib/gcc/avr/4.9.2/../../../../avr/lib/avr5\libm.a(fp_mintl.o)
                0x000010f4                __fp_mintl
 .text.avr-libc.fplib
                0x0000112a       0x1c e:/amit/atmel/7.0/toolchain/avr8/avr8-gnu-toolchain/bin/../lib/gcc/avr/4.9.2/../../../../avr/lib/avr5\libm.a(fp_mpack.o)
                0x0000112a                __fp_mpack
                0x0000112e                __fp_mpack_finite
 .text.avr-libc.fplib
                0x00001146       0x4e e:/amit/atmel/7.0/toolchain/avr8/avr8-gnu-toolchain/bin/../lib/gcc/avr/4.9.2/../../../../avr/lib/avr5\libm.a(fp_powser.o)
                0x00001146                __fp_powser
 .text.avr-libc.fplib
                0x00001194       0x10 e:/amit/atmel/7.0/toolchain/avr8/avr8-gnu-toolchain/bin/../lib/gcc/avr/4.9.2/../../../../avr/lib/avr5\libm.a(inverse.o)
                0x00001194                inverse
 .text.avr-libc.fplib
                0x000011a4       0x74 e:/amit/atmel/7.0/toolchain/avr8/avr8-gnu-toolchain/bin/../lib/gcc/avr/4.9.2/../../../../avr/lib/avr5\libm.a(ldexp.o)
                0x000011ac                ldexp
 .text.avr-libc.fplib
                0x00001218       0xa0 e:/amit/atmel/7.0/toolchain/avr8/avr8-gnu-toolchain/bin/../lib/gcc/avr/4.9.2/../../../../avr/lib/avr5\libm.a(log.o)
                0x00001228                log
 .text.avr-libc.fplib
                0x000012b8       0x68 e:/amit/atmel/7.0/toolchain/avr8/avr8-gnu-toolchain/bin/../lib/gcc/avr/4.9.2/../../../../avr/lib/avr5\libm.a(modf.o)
                0x000012b8                modf
                0x000012b8                modff
 .text.avr-libc.fplib
                0x00001320        0x8 e:/amit/atmel/7.0/toolchain/avr8/avr8-gnu-toolchain/bin/../lib/gcc/avr/4.9.2/../../../../avr/lib/avr5\libm.a(divsf3.o)
                0x00001320                __divsf3
 .text.avr-libc.fplib
                0x00001328       0xdc e:/amit/atmel/7.0/toolchain/avr8/avr8-gnu-toolchain/bin/../lib/gcc/avr/4.9.2/../../../../avr/lib/avr5\libm.a(divsf3x.o)
                0x00001348                __divsf3x
                0x0000134e                __divsf3_pse
 .text.libgcc.div
                0x00001404       0x28 e:/amit/atmel/7.0/toolchain/avr8/avr8-gnu-toolchain/bin/../lib/gcc/avr/4.9.2/avr5\libgcc.a(_udivmodhi4.o)
                0x00001404                __udivmodhi4
 .text.libgcc.div
                0x0000142c       0x28 e:/amit/atmel/7.0/toolchain/avr8/avr8-gnu-toolchain/bin/../lib/gcc/avr/4.9.2/avr5\libgcc.a(_divmodhi4.o)
                0x0000142c                _div
                0x0000142c                __divmodhi4
 .text.libgcc   0x00001454        0xc e:/amit/atmel/7.0/toolchain/avr8/avr8-gnu-toolchain/bin/../lib/gcc/avr/4.9.2/avr5\libgcc.a(_tablejump2.o)
                0x00001454                __tablejump2__
                0x00001460                . = ALIGN (0x2)
 *(.fini9)
 .fini9         0x00001460        0x0 e:/amit/atmel/7.0/toolchain/avr8/avr8-gnu-toolchain/bin/../lib/gcc/avr/4.9.2/avr5\libgcc.a(_exit.o)
                0x00001460                _exit
                0x00001460                exit
 *(.fini9)
 *(.fini8)
 *(.fini8)
 *(.fini7)
 *(.fini7)
 *(.fini6)
 *(.fini6)
 *(.fini5)
 *(.fini5)
 *(.fini4)
 *(.fini4)
 *(.fini3)
 *(.fini3)
 *(.fini2)
 *(.fini2)
 *(.fini1)
 *(.fini1)
 *(.fini0)
 .fini0         0x00001460        0x4 e:/amit/atmel/7.0/toolchain/avr8/avr8-gnu-toolchain/bin/../lib/gcc/avr/4.9.2/avr5\libgcc.a(_exit.o)
 *(.fini0)
                0x00001464                _etext = .

.data           0x00800060       0x1a load address 0x00001464
                0x00800060                PROVIDE (__data_start, .)
 *(.data)
 *(.data*)
 *(.rodata)
 *(.rodata*)
 .rodata.str1.1
                0x00800060       0x1a APP/MAIN/main.o
 *(.gnu.linkonce.d*)
                0x0080007a                . = ALIGN (0x2)
                0x0080007a                _edata = .
                0x0080007a                PROVIDE (__data_end, .)

.bss            0x0080007a       0x46
                0x0080007a                PROVIDE (__bss_start, .)
 *(.bss)
 *(.bss*)
 .bss.uxSchedulerSuspended
                0x0080007a        0x1 RTOS/Source/tasks.o
 .bss.xNextTaskUnblockTime
                0x0080007b        0x2 RTOS/Source/tasks.o
 .bss.xNumOfOverflows
                0x0080007d        0x1 RTOS/Source/tasks.o
 .bss.xYieldPending
                0x0080007e        0x1 RTOS/Source/tasks.o
 .bss.xPendedTicks
                0x0080007f        0x2 RTOS/Source/tasks.o
 .bss.uxTopReadyPriority
                0x00800081        0x1 RTOS/Source/tasks.o
 .bss.xTickCount
                0x00800082        0x2 RTOS/Source/tasks.o
 .bss.pxOverflowDelayedTaskList
                0x00800084        0x2 RTOS/Source/tasks.o
 .bss.pxDelayedTaskList
                0x00800086        0x2 RTOS/Source/tasks.o
 .bss.pxReadyTasksLists
                0x00800088       0x36 RTOS/Source/tasks.o
 .bss.pxCurrentTCB
                0x008000be        0x2 RTOS/Source/tasks.o
                0x008000be                pxCurrentTCB
 *(COMMON)
                0x008000c0                PROVIDE (__bss_end, .)
                0x00001464                __data_load_start = LOADADDR (.data)
                0x0000147e                __data_load_end = (__data_load_start + SIZEOF (.data))

.noinit         0x008000c0        0x0
                [!provide]                PROVIDE (__noinit_start, .)
 *(.noinit*)
                [!provide]                PROVIDE (__noinit_end, .)
                0x008000c0                _end = .
                [!provide]                PROVIDE (__heap_start, .)

.eeprom         0x00810000        0x0
 *(.eeprom*)
                0x00810000                __eeprom_end = .

.fuse
 *(.fuse)
 *(.lfuse)
 *(.hfuse)
 *(.efuse)

.lock
 *(.lock*)

.signature
 *(.signature*)

.user_signatures
 *(.user_signatures*)

.stab
 *(.stab)

.stabstr
 *(.stabstr)

.stab.excl
 *(.stab.excl)

.stab.exclstr
 *(.stab.exclstr)

.stab.index
 *(.stab.index)

.stab.indexstr
 *(.stab.indexstr)

.comment        0x00000000       0x30
 *(.comment)
 .comment       0x00000000       0x30 APP/MAIN/main.o
                                 0x31 (size before relaxing)
 .comment       0x00000030       0x31 HAL/DISPLAY/LCD/LCD_Program.o
 .comment       0x00000030       0x31 HAL/TEMP_LM35_SENSOR/LM35_SENSOR_Program.o
 .comment       0x00000030       0x31 MCAL/ADC/ADC_Program.o
 .comment       0x00000030       0x31 MCAL/DIO/DIO_Program.o
 .comment       0x00000030       0x31 RTOS/Source/port.o
 .comment       0x00000030       0x31 RTOS/Source/tasks.o

.note.gnu.avr.deviceinfo
                0x00000000       0x3c
 .note.gnu.avr.deviceinfo
                0x00000000       0x3c E:/AMIT/ATMEL/7.0/Packs/atmel/ATmega_DFP/1.1.130/gcc/dev/atmega32/avr5/crtatmega32.o

.note.gnu.build-id
 *(.note.gnu.build-id)

.debug
 *(.debug)

.line
 *(.line)

.debug_srcinfo
 *(.debug_srcinfo)

.debug_sfnames
 *(.debug_sfnames)

.debug_aranges  0x00000000      0x2c0
 *(.debug_aranges)
 .debug_aranges
                0x00000000       0x28 APP/MAIN/main.o
 .debug_aranges
                0x00000028       0x78 HAL/DISPLAY/LCD/LCD_Program.o
 .debug_aranges
                0x000000a0       0x28 HAL/TEMP_LM35_SENSOR/LM35_SENSOR_Program.o
 .debug_aranges
                0x000000c8       0x30 MCAL/ADC/ADC_Program.o
 .debug_aranges
                0x000000f8       0x40 MCAL/DIO/DIO_Program.o
 .debug_aranges
                0x00000138       0x48 RTOS/Source/port.o
 .debug_aranges
                0x00000180      0x140 RTOS/Source/tasks.o

.debug_pubnames
 *(.debug_pubnames)

.debug_info     0x00000000     0x3c6a
 *(.debug_info .gnu.linkonce.wi.*)
 .debug_info    0x00000000      0x4e6 E:/AMIT/ATMEL/7.0/Packs/atmel/ATmega_DFP/1.1.130/gcc/dev/atmega32/avr5/crtatmega32.o
 .debug_info    0x000004e6      0x4e2 APP/MAIN/main.o
 .debug_info    0x000009c8      0xcbc HAL/DISPLAY/LCD/LCD_Program.o
 .debug_info    0x00001684      0x2a9 HAL/TEMP_LM35_SENSOR/LM35_SENSOR_Program.o
 .debug_info    0x0000192d      0x1f0 MCAL/ADC/ADC_Program.o
 .debug_info    0x00001b1d      0x27c MCAL/DIO/DIO_Program.o
 .debug_info    0x00001d99      0x261 RTOS/Source/port.o
 .debug_info    0x00001ffa     0x1c70 RTOS/Source/tasks.o

.debug_abbrev   0x00000000     0x1067
 *(.debug_abbrev)
 .debug_abbrev  0x00000000      0x4a3 E:/AMIT/ATMEL/7.0/Packs/atmel/ATmega_DFP/1.1.130/gcc/dev/atmega32/avr5/crtatmega32.o
 .debug_abbrev  0x000004a3      0x197 APP/MAIN/main.o
 .debug_abbrev  0x0000063a      0x29e HAL/DISPLAY/LCD/LCD_Program.o
 .debug_abbrev  0x000008d8      0x114 HAL/TEMP_LM35_SENSOR/LM35_SENSOR_Program.o
 .debug_abbrev  0x000009ec       0xb0 MCAL/ADC/ADC_Program.o
 .debug_abbrev  0x00000a9c       0xd9 MCAL/DIO/DIO_Program.o
 .debug_abbrev  0x00000b75      0x167 RTOS/Source/port.o
 .debug_abbrev  0x00000cdc      0x38b RTOS/Source/tasks.o

.debug_line     0x00000000     0x1f3e
 *(.debug_line .debug_line.* .debug_line_end)
 .debug_line    0x00000000      0x115 E:/AMIT/ATMEL/7.0/Packs/atmel/ATmega_DFP/1.1.130/gcc/dev/atmega32/avr5/crtatmega32.o
 .debug_line    0x00000115      0x2ab APP/MAIN/main.o
 .debug_line    0x000003c0      0x4b8 HAL/DISPLAY/LCD/LCD_Program.o
 .debug_line    0x00000878      0x134 HAL/TEMP_LM35_SENSOR/LM35_SENSOR_Program.o
 .debug_line    0x000009ac      0x16a MCAL/ADC/ADC_Program.o
 .debug_line    0x00000b16      0x1d6 MCAL/DIO/DIO_Program.o
 .debug_line    0x00000cec      0x28b RTOS/Source/port.o
 .debug_line    0x00000f77      0xfc7 RTOS/Source/tasks.o

.debug_frame    0x00000000      0x7dc
 *(.debug_frame)
 .debug_frame   0x00000000       0x48 APP/MAIN/main.o
 .debug_frame   0x00000048      0x18c HAL/DISPLAY/LCD/LCD_Program.o
 .debug_frame   0x000001d4       0x34 HAL/TEMP_LM35_SENSOR/LM35_SENSOR_Program.o
 .debug_frame   0x00000208       0x44 MCAL/ADC/ADC_Program.o
 .debug_frame   0x0000024c       0x64 MCAL/DIO/DIO_Program.o
 .debug_frame   0x000002b0       0x74 RTOS/Source/port.o
 .debug_frame   0x00000324      0x4b8 RTOS/Source/tasks.o

.debug_str      0x00000000     0x1425
 *(.debug_str)
 .debug_str     0x00000000      0x196 E:/AMIT/ATMEL/7.0/Packs/atmel/ATmega_DFP/1.1.130/gcc/dev/atmega32/avr5/crtatmega32.o
 .debug_str     0x00000196      0x404 APP/MAIN/main.o
                                0x43d (size before relaxing)
 .debug_str     0x0000059a      0x208 HAL/DISPLAY/LCD/LCD_Program.o
                                0x4af (size before relaxing)
 .debug_str     0x000007a2       0x70 HAL/TEMP_LM35_SENSOR/LM35_SENSOR_Program.o
                                0x3f4 (size before relaxing)
 .debug_str     0x00000812       0x40 MCAL/ADC/ADC_Program.o
                                0x309 (size before relaxing)
 .debug_str     0x00000852       0x68 MCAL/DIO/DIO_Program.o
                                0x2c5 (size before relaxing)
 .debug_str     0x000008ba      0x12d RTOS/Source/port.o
                                0x2aa (size before relaxing)
 .debug_str     0x000009e7      0xa3e RTOS/Source/tasks.o
                                0xc97 (size before relaxing)

.debug_loc      0x00000000     0x2ef0
 *(.debug_loc)
 .debug_loc     0x00000000       0xab APP/MAIN/main.o
 .debug_loc     0x000000ab      0x7d7 HAL/DISPLAY/LCD/LCD_Program.o
 .debug_loc     0x00000882       0xe5 HAL/TEMP_LM35_SENSOR/LM35_SENSOR_Program.o
 .debug_loc     0x00000967      0x14f MCAL/ADC/ADC_Program.o
 .debug_loc     0x00000ab6      0x378 MCAL/DIO/DIO_Program.o
 .debug_loc     0x00000e2e      0x2ac RTOS/Source/port.o
 .debug_loc     0x000010da     0x1e16 RTOS/Source/tasks.o

.debug_macinfo
 *(.debug_macinfo)

.debug_weaknames
 *(.debug_weaknames)

.debug_funcnames
 *(.debug_funcnames)

.debug_typenames
 *(.debug_typenames)

.debug_varnames
 *(.debug_varnames)

.debug_pubtypes
 *(.debug_pubtypes)

.debug_ranges   0x00000000      0x298
 *(.debug_ranges)
 .debug_ranges  0x00000000       0x18 APP/MAIN/main.o
 .debug_ranges  0x00000018       0x68 HAL/DISPLAY/LCD/LCD_Program.o
 .debug_ranges  0x00000080       0x18 HAL/TEMP_LM35_SENSOR/LM35_SENSOR_Program.o
 .debug_ranges  0x00000098       0x20 MCAL/ADC/ADC_Program.o
 .debug_ranges  0x000000b8       0x30 MCAL/DIO/DIO_Program.o
 .debug_ranges  0x000000e8       0x38 RTOS/Source/port.o
 .debug_ranges  0x00000120      0x178 RTOS/Source/tasks.o

.debug_macro
 *(.debug_macro)
OUTPUT(ODC_AMIT_AVR.elf elf32-avr)
LOAD linker stubs
